/* generated by CB.DIRegisterGenerator */
using Microsoft.Extensions.DependencyInjection;
using MySpace;

namespace CB.DIRegisterGenerator
{
    public static class DependencyInjection
    {
        public static void AddClasses(this IServiceCollection services)
        {
            services.AddTransient<IMyClass, MyClass>();
        }
    }
}